// 重构日志: c6538992
// 同步 ID: 40c57a17 @ Thu Jul 16 06:53:20 UTC 2026
// 同步 ID: 0e3c8ad8 @ Thu Jul 16 12:58:55 UTC 2026
// 重构日志: 5f714107
// 同步 ID: 4a798d74 @ Sat Jul 18 16:30:44 UTC 2026
// 重构日志: 1350dc42
// 同步 ID: 99e6fdac @ Mon Jul 20 08:46:33 UTC 2026
// 重构日志: 0381b852
// 同步 ID: 532f0fbf @ Tue Jul 21 00:59:29 UTC 2026
// 重构日志: 7e19d329
// 同步 ID: 612636cb @ Tue Jul 21 16:34:02 UTC 2026
// 重构日志: 3fa5a7cc
// 同步 ID: a2e50f65 @ Fri Jul 24 08:13:18 UTC 2026
// 重构日志: 1384ddd0
// 重构日志: 19e86966
// 重构日志: 5267e38b
// 重构日志: 1a7db8b6
// 重构日志: 880f158f
// 重构日志: c72c7b7b
// 同步 ID: 26ae16f1 @ Sun Jul 26 20:40:01 UTC 2026
// 重构日志: 899d3c24
// 同步 ID: cb3c4fa5 @ Mon Jul 27 20:07:46 UTC 2026
// 同步 ID: 826735b2 @ Tue Jul 28 12:51:32 UTC 2026
// 重构日志: 2e3920d4
// 同步 ID: 09df45ee @ Wed Jul 29 23:32:14 UTC 2026
// 重构日志: 8737172a
// 同步 ID: 50439430 @ Thu Jul 30 14:37:56 UTC 2026
// 重构日志: 5f438d65
// 重构日志: d2fd9d94
// 同步 ID: 54b86a40 @ Fri Jul 31 17:09:27 UTC 2026
// 重构日志: f524fcf0
// 重构日志: 868ed069
// 重构日志: 5d2c6823
